// Jest Snapshot v1, https://goo.gl/fbAQLP

exports[`PersonalInformationscComponent renders correctly 1`] = `
<View
  style={
    Object {
      "marginTop": 24,
    }
  }
>
  <View
    style={
      Object {
        "flexDirection": "row",
        "justifyContent": "space-between",
        "marginHorizontal": 20,
        "marginVertical": 10,
      }
    }
  >
    <Text
      margin={null}
      padding={null}
      style={
        Object {
          "color": "#535453",
          "fontFamily": "Roboto",
          "fontSize": 16,
          "fontWeight": "normal",
        }
      }
    >
      Department
    </Text>
    <Text
      margin={null}
      padding={null}
      style={
        Object {
          "color": "#000000",
          "fontFamily": "Roboto",
          "fontSize": 16,
          "fontWeight": "400",
        }
      }
    >
      Product
    </Text>
  </View>
  <View
    style={
      Object {
        "flexDirection": "row",
        "justifyContent": "space-between",
        "marginHorizontal": 20,
        "marginVertical": 10,
      }
    }
  >
    <Text
      margin={null}
      padding={null}
      style={
        Object {
          "color": "#535453",
          "fontFamily": "Roboto",
          "fontSize": 16,
          "fontWeight": "normal",
        }
      }
    >
      Location
    </Text>
    <Text
      margin={null}
      padding={null}
      style={
        Object {
          "color": "#000000",
          "fontFamily": "Roboto",
          "fontSize": 16,
          "fontWeight": "400",
        }
      }
    >
      Istanbul
    </Text>
  </View>
  <View
    style={
      Object {
        "flexDirection": "row",
        "justifyContent": "space-between",
        "marginHorizontal": 20,
        "marginVertical": 10,
      }
    }
  >
    <Text
      margin={null}
      padding={null}
      style={
        Object {
          "color": "#535453",
          "fontFamily": "Roboto",
          "fontSize": 16,
          "fontWeight": "normal",
        }
      }
    >
      Employment Start Date
    </Text>
    <Text
      margin={null}
      padding={null}
      style={
        Object {
          "color": "#000000",
          "fontFamily": "Roboto",
          "fontSize": 16,
          "fontWeight": "400",
        }
      }
    >
      25 Jan 2019
    </Text>
  </View>
  <View
    style={
      Object {
        "flexDirection": "row",
        "justifyContent": "space-between",
        "marginHorizontal": 20,
        "marginVertical": 10,
      }
    }
  >
    <Text
      margin={null}
      padding={null}
      style={
        Object {
          "color": "#535453",
          "fontFamily": "Roboto",
          "fontSize": 16,
          "fontWeight": "normal",
        }
      }
    >
      Manager
    </Text>
    <Text
      margin={null}
      padding={null}
      style={
        Object {
          "color": "#376BFB",
          "fontFamily": "Roboto",
          "fontSize": 16,
          "fontWeight": "400",
        }
      }
    >
      Yunus Türkoğlu
    </Text>
  </View>
</View>
`;
