// Jest Snapshot v1, https://goo.gl/fbAQLP

exports[`ProfilePictureCard renders correctly 1`] = `
<View
  style={
    Object {
      "alignItems": "center",
      "marginTop": 10,
    }
  }
>
  <Image
    source={
      Object {
        "testUri": "../../../src/assets/images/Avatar.png",
      }
    }
    style={
      Object {
        "height": 150,
        "resizeMode": "contain",
        "width": 150,
      }
    }
  />
  <Text
    margin={null}
    padding={null}
    style={
      Object {
        "color": "#000000",
        "fontFamily": "Roboto",
        "fontSize": 20,
        "fontWeight": "normal",
        "letterSpacing": 0.15,
      }
    }
  >
    Adnan Burhan
  </Text>
  <Text
    margin={null}
    padding={null}
    style={
      Object {
        "color": "#535453",
        "fontFamily": "Roboto",
        "fontSize": 14,
        "fontWeight": "normal",
      }
    }
  >
    Product Designer
  </Text>
</View>
`;
