// Jest Snapshot v1, https://goo.gl/fbAQLP

exports[`subMenu renders correctly 1`] = `
<View
  style={
    Object {
      "marginTop": 15,
    }
  }
>
  <View
    accessible={true}
    collapsable={false}
    focusable={true}
    nativeID="animatedComponent"
    onClick={[Function]}
    onResponderGrant={[Function]}
    onResponderMove={[Function]}
    onResponderRelease={[Function]}
    onResponderTerminate={[Function]}
    onResponderTerminationRequest={[Function]}
    onStartShouldSetResponder={[Function]}
    style={
      Object {
        "alignItems": "center",
        "flexDirection": "row",
        "justifyContent": "space-between",
        "marginHorizontal": 20,
        "marginVertical": 15,
        "opacity": 1,
      }
    }
  >
    <View
      style={
        Object {
          "alignItems": "center",
          "flexDirection": "row",
          "justifyContent": "space-between",
        }
      }
    >
      <Image
        source={
          Object {
            "testUri": "../../../src/assets/icons/subMenuIcons/requestsIcon.png",
          }
        }
        style={
          Object {
            "height": 24,
            "width": 24,
          }
        }
      />
      <Text
        margin={null}
        padding={null}
        style={
          Object {
            "color": "#000000",
            "fontFamily": "Roboto",
            "fontSize": 16,
            "fontWeight": "normal",
            "marginLeft": 20,
          }
        }
      >
        Requests
      </Text>
    </View>
    <Image
      resizeMode="contain"
      source={
        Object {
          "testUri": "../../../src/assets/icons/common/nextIcon.png",
        }
      }
      style={
        Object {
          "height": 20,
          "width": 20,
        }
      }
    />
  </View>
  <View
    accessible={true}
    collapsable={false}
    focusable={true}
    nativeID="animatedComponent"
    onClick={[Function]}
    onResponderGrant={[Function]}
    onResponderMove={[Function]}
    onResponderRelease={[Function]}
    onResponderTerminate={[Function]}
    onResponderTerminationRequest={[Function]}
    onStartShouldSetResponder={[Function]}
    style={
      Object {
        "alignItems": "center",
        "flexDirection": "row",
        "justifyContent": "space-between",
        "marginHorizontal": 20,
        "marginVertical": 15,
        "opacity": 1,
      }
    }
  >
    <View
      style={
        Object {
          "alignItems": "center",
          "flexDirection": "row",
          "justifyContent": "space-between",
        }
      }
    >
      <Image
        source={
          Object {
            "testUri": "../../../src/assets/icons/subMenuIcons/infoIcon.png",
          }
        }
        style={
          Object {
            "height": 24,
            "width": 24,
          }
        }
      />
      <Text
        margin={null}
        padding={null}
        style={
          Object {
            "color": "#000000",
            "fontFamily": "Roboto",
            "fontSize": 16,
            "fontWeight": "normal",
            "marginLeft": 20,
          }
        }
      >
        Information
      </Text>
    </View>
    <Image
      resizeMode="contain"
      source={
        Object {
          "testUri": "../../../src/assets/icons/common/nextIcon.png",
        }
      }
      style={
        Object {
          "height": 20,
          "width": 20,
        }
      }
    />
  </View>
  <View
    accessible={true}
    collapsable={false}
    focusable={true}
    nativeID="animatedComponent"
    onClick={[Function]}
    onResponderGrant={[Function]}
    onResponderMove={[Function]}
    onResponderRelease={[Function]}
    onResponderTerminate={[Function]}
    onResponderTerminationRequest={[Function]}
    onStartShouldSetResponder={[Function]}
    style={
      Object {
        "alignItems": "center",
        "flexDirection": "row",
        "justifyContent": "space-between",
        "marginHorizontal": 20,
        "marginVertical": 15,
        "opacity": 1,
      }
    }
  >
    <View
      style={
        Object {
          "alignItems": "center",
          "flexDirection": "row",
          "justifyContent": "space-between",
        }
      }
    >
      <Image
        source={
          Object {
            "testUri": "../../../src/assets/icons/subMenuIcons/careerIcon.png",
          }
        }
        style={
          Object {
            "height": 24,
            "width": 24,
          }
        }
      />
      <Text
        margin={null}
        padding={null}
        style={
          Object {
            "color": "#000000",
            "fontFamily": "Roboto",
            "fontSize": 16,
            "fontWeight": "normal",
            "marginLeft": 20,
          }
        }
      >
        Career
      </Text>
    </View>
    <Image
      resizeMode="contain"
      source={
        Object {
          "testUri": "../../../src/assets/icons/common/nextIcon.png",
        }
      }
      style={
        Object {
          "height": 20,
          "width": 20,
        }
      }
    />
  </View>
  <View
    accessible={true}
    collapsable={false}
    focusable={true}
    nativeID="animatedComponent"
    onClick={[Function]}
    onResponderGrant={[Function]}
    onResponderMove={[Function]}
    onResponderRelease={[Function]}
    onResponderTerminate={[Function]}
    onResponderTerminationRequest={[Function]}
    onStartShouldSetResponder={[Function]}
    style={
      Object {
        "alignItems": "center",
        "flexDirection": "row",
        "justifyContent": "space-between",
        "marginHorizontal": 20,
        "marginVertical": 15,
        "opacity": 1,
      }
    }
  >
    <View
      style={
        Object {
          "alignItems": "center",
          "flexDirection": "row",
          "justifyContent": "space-between",
        }
      }
    >
      <Image
        source={
          Object {
            "testUri": "../../../src/assets/icons/subMenuIcons/leavesIcon.png",
          }
        }
        style={
          Object {
            "height": 24,
            "width": 24,
          }
        }
      />
      <Text
        margin={null}
        padding={null}
        style={
          Object {
            "color": "#000000",
            "fontFamily": "Roboto",
            "fontSize": 16,
            "fontWeight": "normal",
            "marginLeft": 20,
          }
        }
      >
        Leaves
      </Text>
    </View>
    <Image
      resizeMode="contain"
      source={
        Object {
          "testUri": "../../../src/assets/icons/common/nextIcon.png",
        }
      }
      style={
        Object {
          "height": 20,
          "width": 20,
        }
      }
    />
  </View>
  <View
    accessible={true}
    collapsable={false}
    focusable={true}
    nativeID="animatedComponent"
    onClick={[Function]}
    onResponderGrant={[Function]}
    onResponderMove={[Function]}
    onResponderRelease={[Function]}
    onResponderTerminate={[Function]}
    onResponderTerminationRequest={[Function]}
    onStartShouldSetResponder={[Function]}
    style={
      Object {
        "alignItems": "center",
        "flexDirection": "row",
        "justifyContent": "space-between",
        "marginHorizontal": 20,
        "marginVertical": 15,
        "opacity": 1,
      }
    }
  >
    <View
      style={
        Object {
          "alignItems": "center",
          "flexDirection": "row",
          "justifyContent": "space-between",
        }
      }
    >
      <Image
        source={
          Object {
            "testUri": "../../../src/assets/icons/subMenuIcons/assetsIcon.png",
          }
        }
        style={
          Object {
            "height": 24,
            "width": 24,
          }
        }
      />
      <Text
        margin={null}
        padding={null}
        style={
          Object {
            "color": "#000000",
            "fontFamily": "Roboto",
            "fontSize": 16,
            "fontWeight": "normal",
            "marginLeft": 20,
          }
        }
      >
        Assets
      </Text>
    </View>
    <Image
      resizeMode="contain"
      source={
        Object {
          "testUri": "../../../src/assets/icons/common/nextIcon.png",
        }
      }
      style={
        Object {
          "height": 20,
          "width": 20,
        }
      }
    />
  </View>
  <View
    accessible={true}
    collapsable={false}
    focusable={true}
    nativeID="animatedComponent"
    onClick={[Function]}
    onResponderGrant={[Function]}
    onResponderMove={[Function]}
    onResponderRelease={[Function]}
    onResponderTerminate={[Function]}
    onResponderTerminationRequest={[Function]}
    onStartShouldSetResponder={[Function]}
    style={
      Object {
        "alignItems": "center",
        "flexDirection": "row",
        "justifyContent": "space-between",
        "marginHorizontal": 20,
        "marginVertical": 15,
        "opacity": 1,
      }
    }
  >
    <View
      style={
        Object {
          "alignItems": "center",
          "flexDirection": "row",
          "justifyContent": "space-between",
        }
      }
    >
      <Image
        source={
          Object {
            "testUri": "../../../src/assets/icons/subMenuIcons/documentsIcon.png",
          }
        }
        style={
          Object {
            "height": 24,
            "width": 24,
          }
        }
      />
      <Text
        margin={null}
        padding={null}
        style={
          Object {
            "color": "#000000",
            "fontFamily": "Roboto",
            "fontSize": 16,
            "fontWeight": "normal",
            "marginLeft": 20,
          }
        }
      >
        Documents
      </Text>
    </View>
    <Image
      resizeMode="contain"
      source={
        Object {
          "testUri": "../../../src/assets/icons/common/nextIcon.png",
        }
      }
      style={
        Object {
          "height": 20,
          "width": 20,
        }
      }
    />
  </View>
</View>
`;
